Analysis & Elaboration report for ALU
Tue Mar 21 11:28:59 2023
Quartus Prime Version 22.1std.0 Build 915 10/25/2022 SC Lite Edition


---------------------
; Table of Contents ;
---------------------
  1. Legal Notice
  2. Analysis & Elaboration Summary
  3. Parallel Compilation
  4. Parameter Settings for User Entity Instance: Top-level Entity: |mod_alu
  5. Parameter Settings for User Entity Instance: mod_not:dut_not_b
  6. Parameter Settings for User Entity Instance: mod_mux2:dut_mux2
  7. Parameter Settings for User Entity Instance: mod_sum:dut_sum
  8. Parameter Settings for User Entity Instance: mod_compare:dut_compare
  9. Parameter Settings for User Entity Instance: mod_compl:dut_complement
 10. Parameter Settings for User Entity Instance: mod_compl:dut_complement|mod_not:not_b_mod
 11. Parameter Settings for User Entity Instance: mod_compl:dut_complement|mod_sum:dut_sum_complement
 12. Parameter Settings for User Entity Instance: mod_mux2:dut_mux2_sub
 13. Parameter Settings for User Entity Instance: mod_not:dut_not_a
 14. Parameter Settings for User Entity Instance: mod_and:dut_and
 15. Parameter Settings for User Entity Instance: mod_or:dut_or
 16. Parameter Settings for User Entity Instance: mod_xor:dut_xor
 17. Parameter Settings for User Entity Instance: mod_lshift_a:lshift_a
 18. Parameter Settings for User Entity Instance: mod_lshift:lshift
 19. Parameter Settings for User Entity Instance: mod_rshift_a:rshift_a
 20. Parameter Settings for User Entity Instance: mod_rshift:rshift
 21. Parameter Settings for User Entity Instance: mod_mux16:dut_mux16
 22. Analysis & Elaboration Settings
 23. Port Connectivity Checks: "mod_compl:dut_complement|mod_sum:dut_sum_complement"
 24. Port Connectivity Checks: "mod_compare:dut_compare"
 25. Analysis & Elaboration Messages



----------------
; Legal Notice ;
----------------
Copyright (C) 2022  Intel Corporation. All rights reserved.
Your use of Intel Corporation's design tools, logic functions 
and other software and tools, and any partner logic 
functions, and any output files from any of the foregoing 
(including device programming or simulation files), and any 
associated documentation or information are expressly subject 
to the terms and conditions of the Intel Program License 
Subscription Agreement, the Intel Quartus Prime License Agreement,
the Intel FPGA IP License Agreement, or other applicable license
agreement, including, without limitation, that your use is for
the sole purpose of programming logic devices manufactured by
Intel and sold by Intel or its authorized distributors.  Please
refer to the applicable agreement for further details, at
https://fpgasoftware.intel.com/eula.



+--------------------------------------------------------------------------------+
; Analysis & Elaboration Summary                                                 ;
+-------------------------------+------------------------------------------------+
; Analysis & Elaboration Status ; Successful - Tue Mar 21 11:28:59 2023          ;
; Quartus Prime Version         ; 22.1std.0 Build 915 10/25/2022 SC Lite Edition ;
; Revision Name                 ; ALU                                            ;
; Top-level Entity Name         ; mod_alu                                        ;
; Family                        ; Cyclone V                                      ;
; Logic utilization (in ALMs)   ; N/A until Partition Merge                      ;
; Total registers               ; N/A until Partition Merge                      ;
; Total pins                    ; N/A until Partition Merge                      ;
; Total virtual pins            ; N/A until Partition Merge                      ;
; Total block memory bits       ; N/A until Partition Merge                      ;
; Total PLLs                    ; N/A until Partition Merge                      ;
; Total DLLs                    ; N/A until Partition Merge                      ;
+-------------------------------+------------------------------------------------+


+------------------------------------------+
; Parallel Compilation                     ;
+----------------------------+-------------+
; Processors                 ; Number      ;
+----------------------------+-------------+
; Number detected on machine ; 16          ;
; Maximum allowed            ; 16          ;
;                            ;             ;
; Average used               ; 1.00        ;
; Maximum used               ; 1           ;
;                            ;             ;
; Usage by Processor         ; % Time Used ;
;     Processor 1            ; 100.0%      ;
+----------------------------+-------------+


+-------------------------------------------------------------------------+
; Parameter Settings for User Entity Instance: Top-level Entity: |mod_alu ;
+----------------+-------+------------------------------------------------+
; Parameter Name ; Value ; Type                                           ;
+----------------+-------+------------------------------------------------+
; width          ; 4     ; Signed Integer                                 ;
+----------------+-------+------------------------------------------------+
Note: In order to hide this table in the UI and the text report file, please set the "Show Parameter Settings in Synthesis Report" option in "Analysis and Synthesis Settings -> More Settings" to "Off".


+----------------------------------------------------------------+
; Parameter Settings for User Entity Instance: mod_not:dut_not_b ;
+----------------+-------+---------------------------------------+
; Parameter Name ; Value ; Type                                  ;
+----------------+-------+---------------------------------------+
; width          ; 4     ; Signed Integer                        ;
+----------------+-------+---------------------------------------+
Note: In order to hide this table in the UI and the text report file, please set the "Show Parameter Settings in Synthesis Report" option in "Analysis and Synthesis Settings -> More Settings" to "Off".


+----------------------------------------------------------------+
; Parameter Settings for User Entity Instance: mod_mux2:dut_mux2 ;
+----------------+-------+---------------------------------------+
; Parameter Name ; Value ; Type                                  ;
+----------------+-------+---------------------------------------+
; width          ; 4     ; Signed Integer                        ;
+----------------+-------+---------------------------------------+
Note: In order to hide this table in the UI and the text report file, please set the "Show Parameter Settings in Synthesis Report" option in "Analysis and Synthesis Settings -> More Settings" to "Off".


+--------------------------------------------------------------+
; Parameter Settings for User Entity Instance: mod_sum:dut_sum ;
+----------------+-------+-------------------------------------+
; Parameter Name ; Value ; Type                                ;
+----------------+-------+-------------------------------------+
; width          ; 4     ; Signed Integer                      ;
+----------------+-------+-------------------------------------+
Note: In order to hide this table in the UI and the text report file, please set the "Show Parameter Settings in Synthesis Report" option in "Analysis and Synthesis Settings -> More Settings" to "Off".


+----------------------------------------------------------------------+
; Parameter Settings for User Entity Instance: mod_compare:dut_compare ;
+----------------+-------+---------------------------------------------+
; Parameter Name ; Value ; Type                                        ;
+----------------+-------+---------------------------------------------+
; width          ; 4     ; Signed Integer                              ;
+----------------+-------+---------------------------------------------+
Note: In order to hide this table in the UI and the text report file, please set the "Show Parameter Settings in Synthesis Report" option in "Analysis and Synthesis Settings -> More Settings" to "Off".


+-----------------------------------------------------------------------+
; Parameter Settings for User Entity Instance: mod_compl:dut_complement ;
+----------------+-------+----------------------------------------------+
; Parameter Name ; Value ; Type                                         ;
+----------------+-------+----------------------------------------------+
; width          ; 4     ; Signed Integer                               ;
+----------------+-------+----------------------------------------------+
Note: In order to hide this table in the UI and the text report file, please set the "Show Parameter Settings in Synthesis Report" option in "Analysis and Synthesis Settings -> More Settings" to "Off".


+-----------------------------------------------------------------------------------------+
; Parameter Settings for User Entity Instance: mod_compl:dut_complement|mod_not:not_b_mod ;
+----------------+-------+----------------------------------------------------------------+
; Parameter Name ; Value ; Type                                                           ;
+----------------+-------+----------------------------------------------------------------+
; width          ; 4     ; Signed Integer                                                 ;
+----------------+-------+----------------------------------------------------------------+
Note: In order to hide this table in the UI and the text report file, please set the "Show Parameter Settings in Synthesis Report" option in "Analysis and Synthesis Settings -> More Settings" to "Off".


+--------------------------------------------------------------------------------------------------+
; Parameter Settings for User Entity Instance: mod_compl:dut_complement|mod_sum:dut_sum_complement ;
+----------------+-------+-------------------------------------------------------------------------+
; Parameter Name ; Value ; Type                                                                    ;
+----------------+-------+-------------------------------------------------------------------------+
; width          ; 4     ; Signed Integer                                                          ;
+----------------+-------+-------------------------------------------------------------------------+
Note: In order to hide this table in the UI and the text report file, please set the "Show Parameter Settings in Synthesis Report" option in "Analysis and Synthesis Settings -> More Settings" to "Off".


+--------------------------------------------------------------------+
; Parameter Settings for User Entity Instance: mod_mux2:dut_mux2_sub ;
+----------------+-------+-------------------------------------------+
; Parameter Name ; Value ; Type                                      ;
+----------------+-------+-------------------------------------------+
; width          ; 4     ; Signed Integer                            ;
+----------------+-------+-------------------------------------------+
Note: In order to hide this table in the UI and the text report file, please set the "Show Parameter Settings in Synthesis Report" option in "Analysis and Synthesis Settings -> More Settings" to "Off".


+----------------------------------------------------------------+
; Parameter Settings for User Entity Instance: mod_not:dut_not_a ;
+----------------+-------+---------------------------------------+
; Parameter Name ; Value ; Type                                  ;
+----------------+-------+---------------------------------------+
; width          ; 4     ; Signed Integer                        ;
+----------------+-------+---------------------------------------+
Note: In order to hide this table in the UI and the text report file, please set the "Show Parameter Settings in Synthesis Report" option in "Analysis and Synthesis Settings -> More Settings" to "Off".


+--------------------------------------------------------------+
; Parameter Settings for User Entity Instance: mod_and:dut_and ;
+----------------+-------+-------------------------------------+
; Parameter Name ; Value ; Type                                ;
+----------------+-------+-------------------------------------+
; width          ; 4     ; Signed Integer                      ;
+----------------+-------+-------------------------------------+
Note: In order to hide this table in the UI and the text report file, please set the "Show Parameter Settings in Synthesis Report" option in "Analysis and Synthesis Settings -> More Settings" to "Off".


+------------------------------------------------------------+
; Parameter Settings for User Entity Instance: mod_or:dut_or ;
+----------------+-------+-----------------------------------+
; Parameter Name ; Value ; Type                              ;
+----------------+-------+-----------------------------------+
; width          ; 4     ; Signed Integer                    ;
+----------------+-------+-----------------------------------+
Note: In order to hide this table in the UI and the text report file, please set the "Show Parameter Settings in Synthesis Report" option in "Analysis and Synthesis Settings -> More Settings" to "Off".


+--------------------------------------------------------------+
; Parameter Settings for User Entity Instance: mod_xor:dut_xor ;
+----------------+-------+-------------------------------------+
; Parameter Name ; Value ; Type                                ;
+----------------+-------+-------------------------------------+
; width          ; 4     ; Signed Integer                      ;
+----------------+-------+-------------------------------------+
Note: In order to hide this table in the UI and the text report file, please set the "Show Parameter Settings in Synthesis Report" option in "Analysis and Synthesis Settings -> More Settings" to "Off".


+--------------------------------------------------------------------+
; Parameter Settings for User Entity Instance: mod_lshift_a:lshift_a ;
+----------------+-------+-------------------------------------------+
; Parameter Name ; Value ; Type                                      ;
+----------------+-------+-------------------------------------------+
; width          ; 4     ; Signed Integer                            ;
+----------------+-------+-------------------------------------------+
Note: In order to hide this table in the UI and the text report file, please set the "Show Parameter Settings in Synthesis Report" option in "Analysis and Synthesis Settings -> More Settings" to "Off".


+----------------------------------------------------------------+
; Parameter Settings for User Entity Instance: mod_lshift:lshift ;
+----------------+-------+---------------------------------------+
; Parameter Name ; Value ; Type                                  ;
+----------------+-------+---------------------------------------+
; width          ; 4     ; Signed Integer                        ;
+----------------+-------+---------------------------------------+
Note: In order to hide this table in the UI and the text report file, please set the "Show Parameter Settings in Synthesis Report" option in "Analysis and Synthesis Settings -> More Settings" to "Off".


+--------------------------------------------------------------------+
; Parameter Settings for User Entity Instance: mod_rshift_a:rshift_a ;
+----------------+-------+-------------------------------------------+
; Parameter Name ; Value ; Type                                      ;
+----------------+-------+-------------------------------------------+
; width          ; 4     ; Signed Integer                            ;
+----------------+-------+-------------------------------------------+
Note: In order to hide this table in the UI and the text report file, please set the "Show Parameter Settings in Synthesis Report" option in "Analysis and Synthesis Settings -> More Settings" to "Off".


+----------------------------------------------------------------+
; Parameter Settings for User Entity Instance: mod_rshift:rshift ;
+----------------+-------+---------------------------------------+
; Parameter Name ; Value ; Type                                  ;
+----------------+-------+---------------------------------------+
; width          ; 4     ; Signed Integer                        ;
+----------------+-------+---------------------------------------+
Note: In order to hide this table in the UI and the text report file, please set the "Show Parameter Settings in Synthesis Report" option in "Analysis and Synthesis Settings -> More Settings" to "Off".


+------------------------------------------------------------------+
; Parameter Settings for User Entity Instance: mod_mux16:dut_mux16 ;
+----------------+-------+-----------------------------------------+
; Parameter Name ; Value ; Type                                    ;
+----------------+-------+-----------------------------------------+
; width          ; 4     ; Signed Integer                          ;
+----------------+-------+-----------------------------------------+
Note: In order to hide this table in the UI and the text report file, please set the "Show Parameter Settings in Synthesis Report" option in "Analysis and Synthesis Settings -> More Settings" to "Off".


+---------------------------------------------------------------------------------------------------------------------------+
; Analysis & Elaboration Settings                                                                                           ;
+---------------------------------------------------------------------------------+--------------------+--------------------+
; Option                                                                          ; Setting            ; Default Value      ;
+---------------------------------------------------------------------------------+--------------------+--------------------+
; Device                                                                          ; 5CSEMA5F31C6       ;                    ;
; Top-level entity name                                                           ; mod_alu            ; ALU                ;
; Family name                                                                     ; Cyclone V          ; Cyclone V          ;
; Use smart compilation                                                           ; Off                ; Off                ;
; Enable parallel Assembler and Timing Analyzer during compilation                ; On                 ; On                 ;
; Enable compact report table                                                     ; Off                ; Off                ;
; Restructure Multiplexers                                                        ; Auto               ; Auto               ;
; MLAB Add Timing Constraints For Mixed-Port Feed-Through Mode Setting Don't Care ; Off                ; Off                ;
; Create Debugging Nodes for IP Cores                                             ; Off                ; Off                ;
; Preserve fewer node names                                                       ; On                 ; On                 ;
; Intel FPGA IP Evaluation Mode                                                   ; Enable             ; Enable             ;
; Verilog Version                                                                 ; Verilog_2001       ; Verilog_2001       ;
; VHDL Version                                                                    ; VHDL_1993          ; VHDL_1993          ;
; State Machine Processing                                                        ; Auto               ; Auto               ;
; Safe State Machine                                                              ; Off                ; Off                ;
; Extract Verilog State Machines                                                  ; On                 ; On                 ;
; Extract VHDL State Machines                                                     ; On                 ; On                 ;
; Ignore Verilog initial constructs                                               ; Off                ; Off                ;
; Iteration limit for constant Verilog loops                                      ; 5000               ; 5000               ;
; Iteration limit for non-constant Verilog loops                                  ; 250                ; 250                ;
; Add Pass-Through Logic to Inferred RAMs                                         ; On                 ; On                 ;
; Infer RAMs from Raw Logic                                                       ; On                 ; On                 ;
; Parallel Synthesis                                                              ; On                 ; On                 ;
; DSP Block Balancing                                                             ; Auto               ; Auto               ;
; NOT Gate Push-Back                                                              ; On                 ; On                 ;
; Power-Up Don't Care                                                             ; On                 ; On                 ;
; Remove Redundant Logic Cells                                                    ; Off                ; Off                ;
; Remove Duplicate Registers                                                      ; On                 ; On                 ;
; Ignore CARRY Buffers                                                            ; Off                ; Off                ;
; Ignore CASCADE Buffers                                                          ; Off                ; Off                ;
; Ignore GLOBAL Buffers                                                           ; Off                ; Off                ;
; Ignore ROW GLOBAL Buffers                                                       ; Off                ; Off                ;
; Ignore LCELL Buffers                                                            ; Off                ; Off                ;
; Ignore SOFT Buffers                                                             ; On                 ; On                 ;
; Limit AHDL Integers to 32 Bits                                                  ; Off                ; Off                ;
; Optimization Technique                                                          ; Balanced           ; Balanced           ;
; Carry Chain Length                                                              ; 70                 ; 70                 ;
; Auto Carry Chains                                                               ; On                 ; On                 ;
; Auto Open-Drain Pins                                                            ; On                 ; On                 ;
; Perform WYSIWYG Primitive Resynthesis                                           ; Off                ; Off                ;
; Auto ROM Replacement                                                            ; On                 ; On                 ;
; Auto RAM Replacement                                                            ; On                 ; On                 ;
; Auto DSP Block Replacement                                                      ; On                 ; On                 ;
; Auto Shift Register Replacement                                                 ; Auto               ; Auto               ;
; Allow Shift Register Merging across Hierarchies                                 ; Auto               ; Auto               ;
; Auto Clock Enable Replacement                                                   ; On                 ; On                 ;
; Strict RAM Replacement                                                          ; Off                ; Off                ;
; Allow Synchronous Control Signals                                               ; On                 ; On                 ;
; Force Use of Synchronous Clear Signals                                          ; Off                ; Off                ;
; Auto Resource Sharing                                                           ; Off                ; Off                ;
; Allow Any RAM Size For Recognition                                              ; Off                ; Off                ;
; Allow Any ROM Size For Recognition                                              ; Off                ; Off                ;
; Allow Any Shift Register Size For Recognition                                   ; Off                ; Off                ;
; Use LogicLock Constraints during Resource Balancing                             ; On                 ; On                 ;
; Ignore translate_off and synthesis_off directives                               ; Off                ; Off                ;
; Timing-Driven Synthesis                                                         ; On                 ; On                 ;
; Report Parameter Settings                                                       ; On                 ; On                 ;
; Report Source Assignments                                                       ; On                 ; On                 ;
; Report Connectivity Checks                                                      ; On                 ; On                 ;
; Ignore Maximum Fan-Out Assignments                                              ; Off                ; Off                ;
; Synchronization Register Chain Length                                           ; 3                  ; 3                  ;
; Power Optimization During Synthesis                                             ; Normal compilation ; Normal compilation ;
; HDL message level                                                               ; Level2             ; Level2             ;
; Suppress Register Optimization Related Messages                                 ; Off                ; Off                ;
; Number of Removed Registers Reported in Synthesis Report                        ; 5000               ; 5000               ;
; Number of Swept Nodes Reported in Synthesis Report                              ; 5000               ; 5000               ;
; Number of Inverted Registers Reported in Synthesis Report                       ; 100                ; 100                ;
; Clock MUX Protection                                                            ; On                 ; On                 ;
; Auto Gated Clock Conversion                                                     ; Off                ; Off                ;
; Block Design Naming                                                             ; Auto               ; Auto               ;
; SDC constraint protection                                                       ; Off                ; Off                ;
; Synthesis Effort                                                                ; Auto               ; Auto               ;
; Shift Register Replacement - Allow Asynchronous Clear Signal                    ; On                 ; On                 ;
; Pre-Mapping Resynthesis Optimization                                            ; Off                ; Off                ;
; Analysis & Synthesis Message Level                                              ; Medium             ; Medium             ;
; Disable Register Merging Across Hierarchies                                     ; Auto               ; Auto               ;
; Resource Aware Inference For Block RAM                                          ; On                 ; On                 ;
; Automatic Parallel Synthesis                                                    ; On                 ; On                 ;
; Partial Reconfiguration Bitstream ID                                            ; Off                ; Off                ;
+---------------------------------------------------------------------------------+--------------------+--------------------+


+-------------------------------------------------------------------------------------------------------------------+
; Port Connectivity Checks: "mod_compl:dut_complement|mod_sum:dut_sum_complement"                                   ;
+---------+--------+----------+-------------------------------------------------------------------------------------+
; Port    ; Type   ; Severity ; Details                                                                             ;
+---------+--------+----------+-------------------------------------------------------------------------------------+
; b[3..1] ; Input  ; Info     ; Stuck at GND                                                                        ;
; b[0]    ; Input  ; Info     ; Stuck at VCC                                                                        ;
; cin     ; Input  ; Info     ; Stuck at GND                                                                        ;
; cout    ; Output ; Info     ; Connected to dangling logic. Logic that only feeds a dangling port will be removed. ;
+---------+--------+----------+-------------------------------------------------------------------------------------+


+----------------------------------------------------------------------------------------------------------------+
; Port Connectivity Checks: "mod_compare:dut_compare"                                                            ;
+------+--------+----------+-------------------------------------------------------------------------------------+
; Port ; Type   ; Severity ; Details                                                                             ;
+------+--------+----------+-------------------------------------------------------------------------------------+
; zero ; Output ; Info     ; Connected to dangling logic. Logic that only feeds a dangling port will be removed. ;
+------+--------+----------+-------------------------------------------------------------------------------------+


+---------------------------------+
; Analysis & Elaboration Messages ;
+---------------------------------+
Info: *******************************************************************
Info: Running Quartus Prime Analysis & Elaboration
    Info: Version 22.1std.0 Build 915 10/25/2022 SC Lite Edition
    Info: Processing started: Tue Mar 21 11:28:51 2023
Info: Command: quartus_map --read_settings_files=on --write_settings_files=off ALU -c ALU --analysis_and_elaboration
Warning (18236): Number of processors has not been specified which may cause overloading on shared machines.  Set the global assignment NUM_PARALLEL_PROCESSORS in your QSF to an appropriate value for best performance.
Info (20030): Parallel compilation is enabled and will use 16 of the 16 processors detected
Info (12021): Found 1 design units, including 1 entities, in source file mod_or.sv
    Info (12023): Found entity 1: mod_or File: C:/Users/dmeji/OneDrive - Estudiantes ITCR/TEC/Semestres/IS2023/Taller_de_Diseno_Digital/GitHub_Labs/dmejias08_digital_design_lab_2023/Laboratorio_3/Problema_1/alu/mod_or.sv Line: 1
Info (12021): Found 1 design units, including 1 entities, in source file mod_xor.sv
    Info (12023): Found entity 1: mod_xor File: C:/Users/dmeji/OneDrive - Estudiantes ITCR/TEC/Semestres/IS2023/Taller_de_Diseno_Digital/GitHub_Labs/dmejias08_digital_design_lab_2023/Laboratorio_3/Problema_1/alu/mod_xor.sv Line: 1
Info (12021): Found 1 design units, including 1 entities, in source file tb_mod_or.sv
    Info (12023): Found entity 1: tb_mod_or File: C:/Users/dmeji/OneDrive - Estudiantes ITCR/TEC/Semestres/IS2023/Taller_de_Diseno_Digital/GitHub_Labs/dmejias08_digital_design_lab_2023/Laboratorio_3/Problema_1/alu/tb_mod_or.sv Line: 1
Info (12021): Found 1 design units, including 1 entities, in source file tb_mod_xor.sv
    Info (12023): Found entity 1: tb_mod_xor File: C:/Users/dmeji/OneDrive - Estudiantes ITCR/TEC/Semestres/IS2023/Taller_de_Diseno_Digital/GitHub_Labs/dmejias08_digital_design_lab_2023/Laboratorio_3/Problema_1/alu/tb_mod_xor.sv Line: 1
Info (12021): Found 1 design units, including 1 entities, in source file sum_1bit.sv
    Info (12023): Found entity 1: sum_1bit File: C:/Users/dmeji/OneDrive - Estudiantes ITCR/TEC/Semestres/IS2023/Taller_de_Diseno_Digital/GitHub_Labs/dmejias08_digital_design_lab_2023/Laboratorio_3/Problema_1/alu/sum_1bit.sv Line: 1
Info (12021): Found 1 design units, including 1 entities, in source file tb_sum_1bit.sv
    Info (12023): Found entity 1: tb_sum_1bit File: C:/Users/dmeji/OneDrive - Estudiantes ITCR/TEC/Semestres/IS2023/Taller_de_Diseno_Digital/GitHub_Labs/dmejias08_digital_design_lab_2023/Laboratorio_3/Problema_1/alu/tb_sum_1bit.sv Line: 1
Info (12021): Found 1 design units, including 1 entities, in source file mod_sum.sv
    Info (12023): Found entity 1: mod_sum File: C:/Users/dmeji/OneDrive - Estudiantes ITCR/TEC/Semestres/IS2023/Taller_de_Diseno_Digital/GitHub_Labs/dmejias08_digital_design_lab_2023/Laboratorio_3/Problema_1/alu/mod_sum.sv Line: 1
Info (12021): Found 1 design units, including 1 entities, in source file tb_mod_sum.sv
    Info (12023): Found entity 1: tb_mod_sum File: C:/Users/dmeji/OneDrive - Estudiantes ITCR/TEC/Semestres/IS2023/Taller_de_Diseno_Digital/GitHub_Labs/dmejias08_digital_design_lab_2023/Laboratorio_3/Problema_1/alu/tb_mod_sum.sv Line: 1
Info (12021): Found 1 design units, including 1 entities, in source file mod_not.sv
    Info (12023): Found entity 1: mod_not File: C:/Users/dmeji/OneDrive - Estudiantes ITCR/TEC/Semestres/IS2023/Taller_de_Diseno_Digital/GitHub_Labs/dmejias08_digital_design_lab_2023/Laboratorio_3/Problema_1/alu/mod_not.sv Line: 1
Info (12021): Found 1 design units, including 1 entities, in source file tb_mod_not.sv
    Info (12023): Found entity 1: tb_mod_not File: C:/Users/dmeji/OneDrive - Estudiantes ITCR/TEC/Semestres/IS2023/Taller_de_Diseno_Digital/GitHub_Labs/dmejias08_digital_design_lab_2023/Laboratorio_3/Problema_1/alu/tb_mod_not.sv Line: 1
Info (12021): Found 1 design units, including 1 entities, in source file mod_and.sv
    Info (12023): Found entity 1: mod_and File: C:/Users/dmeji/OneDrive - Estudiantes ITCR/TEC/Semestres/IS2023/Taller_de_Diseno_Digital/GitHub_Labs/dmejias08_digital_design_lab_2023/Laboratorio_3/Problema_1/alu/mod_and.sv Line: 1
Info (12021): Found 1 design units, including 1 entities, in source file tb_mod_and.sv
    Info (12023): Found entity 1: tb_mod_and File: C:/Users/dmeji/OneDrive - Estudiantes ITCR/TEC/Semestres/IS2023/Taller_de_Diseno_Digital/GitHub_Labs/dmejias08_digital_design_lab_2023/Laboratorio_3/Problema_1/alu/tb_mod_and.sv Line: 1
Info (12021): Found 1 design units, including 1 entities, in source file mod_alu.sv
    Info (12023): Found entity 1: mod_alu File: C:/Users/dmeji/OneDrive - Estudiantes ITCR/TEC/Semestres/IS2023/Taller_de_Diseno_Digital/GitHub_Labs/dmejias08_digital_design_lab_2023/Laboratorio_3/Problema_1/alu/mod_alu.sv Line: 1
Info (12021): Found 1 design units, including 1 entities, in source file mod_mux2.sv
    Info (12023): Found entity 1: mod_mux2 File: C:/Users/dmeji/OneDrive - Estudiantes ITCR/TEC/Semestres/IS2023/Taller_de_Diseno_Digital/GitHub_Labs/dmejias08_digital_design_lab_2023/Laboratorio_3/Problema_1/alu/mod_mux2.sv Line: 1
Warning (12019): Can't analyze file -- file mod_mux4.sv is missing
Info (12021): Found 1 design units, including 1 entities, in source file tb_mod_alu.sv
    Info (12023): Found entity 1: tb_mod_alu File: C:/Users/dmeji/OneDrive - Estudiantes ITCR/TEC/Semestres/IS2023/Taller_de_Diseno_Digital/GitHub_Labs/dmejias08_digital_design_lab_2023/Laboratorio_3/Problema_1/alu/tb_mod_alu.sv Line: 1
Info (12021): Found 1 design units, including 1 entities, in source file mod_compl.sv
    Info (12023): Found entity 1: mod_compl File: C:/Users/dmeji/OneDrive - Estudiantes ITCR/TEC/Semestres/IS2023/Taller_de_Diseno_Digital/GitHub_Labs/dmejias08_digital_design_lab_2023/Laboratorio_3/Problema_1/alu/mod_compl.sv Line: 1
Info (12021): Found 1 design units, including 1 entities, in source file mod_compare.sv
    Info (12023): Found entity 1: mod_compare File: C:/Users/dmeji/OneDrive - Estudiantes ITCR/TEC/Semestres/IS2023/Taller_de_Diseno_Digital/GitHub_Labs/dmejias08_digital_design_lab_2023/Laboratorio_3/Problema_1/alu/mod_compare.sv Line: 1
Info (12021): Found 1 design units, including 1 entities, in source file mod_lshift_a.sv
    Info (12023): Found entity 1: mod_lshift_a File: C:/Users/dmeji/OneDrive - Estudiantes ITCR/TEC/Semestres/IS2023/Taller_de_Diseno_Digital/GitHub_Labs/dmejias08_digital_design_lab_2023/Laboratorio_3/Problema_1/alu/mod_lshift_a.sv Line: 1
Info (12021): Found 1 design units, including 1 entities, in source file mod_lshift.sv
    Info (12023): Found entity 1: mod_lshift File: C:/Users/dmeji/OneDrive - Estudiantes ITCR/TEC/Semestres/IS2023/Taller_de_Diseno_Digital/GitHub_Labs/dmejias08_digital_design_lab_2023/Laboratorio_3/Problema_1/alu/mod_lshift.sv Line: 1
Info (12021): Found 1 design units, including 1 entities, in source file mod_rshift.sv
    Info (12023): Found entity 1: mod_rshift File: C:/Users/dmeji/OneDrive - Estudiantes ITCR/TEC/Semestres/IS2023/Taller_de_Diseno_Digital/GitHub_Labs/dmejias08_digital_design_lab_2023/Laboratorio_3/Problema_1/alu/mod_rshift.sv Line: 1
Info (12021): Found 1 design units, including 1 entities, in source file mod_rshift_a.sv
    Info (12023): Found entity 1: mod_rshift_a File: C:/Users/dmeji/OneDrive - Estudiantes ITCR/TEC/Semestres/IS2023/Taller_de_Diseno_Digital/GitHub_Labs/dmejias08_digital_design_lab_2023/Laboratorio_3/Problema_1/alu/mod_rshift_a.sv Line: 1
Info (12021): Found 1 design units, including 1 entities, in source file mod_mux16.sv
    Info (12023): Found entity 1: mod_mux16 File: C:/Users/dmeji/OneDrive - Estudiantes ITCR/TEC/Semestres/IS2023/Taller_de_Diseno_Digital/GitHub_Labs/dmejias08_digital_design_lab_2023/Laboratorio_3/Problema_1/alu/mod_mux16.sv Line: 1
Info (12021): Found 1 design units, including 1 entities, in source file display_hexadecimal.sv
    Info (12023): Found entity 1: display_hexadecimal File: C:/Users/dmeji/OneDrive - Estudiantes ITCR/TEC/Semestres/IS2023/Taller_de_Diseno_Digital/GitHub_Labs/dmejias08_digital_design_lab_2023/Laboratorio_3/Problema_1/alu/display_hexadecimal.sv Line: 1
Info (12021): Found 1 design units, including 1 entities, in source file principal.sv
    Info (12023): Found entity 1: principal File: C:/Users/dmeji/OneDrive - Estudiantes ITCR/TEC/Semestres/IS2023/Taller_de_Diseno_Digital/GitHub_Labs/dmejias08_digital_design_lab_2023/Laboratorio_3/Problema_1/alu/principal.sv Line: 1
Info (12021): Found 1 design units, including 1 entities, in source file tb_principal.sv
    Info (12023): Found entity 1: tb_principal File: C:/Users/dmeji/OneDrive - Estudiantes ITCR/TEC/Semestres/IS2023/Taller_de_Diseno_Digital/GitHub_Labs/dmejias08_digital_design_lab_2023/Laboratorio_3/Problema_1/alu/tb_principal.sv Line: 1
Info (12127): Elaborating entity "mod_alu" for the top level hierarchy
Warning (10230): Verilog HDL assignment warning at mod_alu.sv(68): truncated value with size 4 to match size of target (1) File: C:/Users/dmeji/OneDrive - Estudiantes ITCR/TEC/Semestres/IS2023/Taller_de_Diseno_Digital/GitHub_Labs/dmejias08_digital_design_lab_2023/Laboratorio_3/Problema_1/alu/mod_alu.sv Line: 68
Warning (10230): Verilog HDL assignment warning at mod_alu.sv(69): truncated value with size 4 to match size of target (1) File: C:/Users/dmeji/OneDrive - Estudiantes ITCR/TEC/Semestres/IS2023/Taller_de_Diseno_Digital/GitHub_Labs/dmejias08_digital_design_lab_2023/Laboratorio_3/Problema_1/alu/mod_alu.sv Line: 69
Info (12128): Elaborating entity "mod_not" for hierarchy "mod_not:dut_not_b" File: C:/Users/dmeji/OneDrive - Estudiantes ITCR/TEC/Semestres/IS2023/Taller_de_Diseno_Digital/GitHub_Labs/dmejias08_digital_design_lab_2023/Laboratorio_3/Problema_1/alu/mod_alu.sv Line: 11
Info (12128): Elaborating entity "mod_mux2" for hierarchy "mod_mux2:dut_mux2" File: C:/Users/dmeji/OneDrive - Estudiantes ITCR/TEC/Semestres/IS2023/Taller_de_Diseno_Digital/GitHub_Labs/dmejias08_digital_design_lab_2023/Laboratorio_3/Problema_1/alu/mod_alu.sv Line: 13
Info (12128): Elaborating entity "mod_sum" for hierarchy "mod_sum:dut_sum" File: C:/Users/dmeji/OneDrive - Estudiantes ITCR/TEC/Semestres/IS2023/Taller_de_Diseno_Digital/GitHub_Labs/dmejias08_digital_design_lab_2023/Laboratorio_3/Problema_1/alu/mod_alu.sv Line: 15
Info (12128): Elaborating entity "sum_1bit" for hierarchy "mod_sum:dut_sum|sum_1bit:first" File: C:/Users/dmeji/OneDrive - Estudiantes ITCR/TEC/Semestres/IS2023/Taller_de_Diseno_Digital/GitHub_Labs/dmejias08_digital_design_lab_2023/Laboratorio_3/Problema_1/alu/mod_sum.sv Line: 9
Info (12128): Elaborating entity "mod_compare" for hierarchy "mod_compare:dut_compare" File: C:/Users/dmeji/OneDrive - Estudiantes ITCR/TEC/Semestres/IS2023/Taller_de_Diseno_Digital/GitHub_Labs/dmejias08_digital_design_lab_2023/Laboratorio_3/Problema_1/alu/mod_alu.sv Line: 17
Warning (10230): Verilog HDL assignment warning at mod_compare.sv(7): truncated value with size 32 to match size of target (1) File: C:/Users/dmeji/OneDrive - Estudiantes ITCR/TEC/Semestres/IS2023/Taller_de_Diseno_Digital/GitHub_Labs/dmejias08_digital_design_lab_2023/Laboratorio_3/Problema_1/alu/mod_compare.sv Line: 7
Warning (10230): Verilog HDL assignment warning at mod_compare.sv(8): truncated value with size 32 to match size of target (1) File: C:/Users/dmeji/OneDrive - Estudiantes ITCR/TEC/Semestres/IS2023/Taller_de_Diseno_Digital/GitHub_Labs/dmejias08_digital_design_lab_2023/Laboratorio_3/Problema_1/alu/mod_compare.sv Line: 8
Info (12128): Elaborating entity "mod_compl" for hierarchy "mod_compl:dut_complement" File: C:/Users/dmeji/OneDrive - Estudiantes ITCR/TEC/Semestres/IS2023/Taller_de_Diseno_Digital/GitHub_Labs/dmejias08_digital_design_lab_2023/Laboratorio_3/Problema_1/alu/mod_alu.sv Line: 19
Info (12128): Elaborating entity "mod_and" for hierarchy "mod_and:dut_and" File: C:/Users/dmeji/OneDrive - Estudiantes ITCR/TEC/Semestres/IS2023/Taller_de_Diseno_Digital/GitHub_Labs/dmejias08_digital_design_lab_2023/Laboratorio_3/Problema_1/alu/mod_alu.sv Line: 25
Info (12128): Elaborating entity "mod_or" for hierarchy "mod_or:dut_or" File: C:/Users/dmeji/OneDrive - Estudiantes ITCR/TEC/Semestres/IS2023/Taller_de_Diseno_Digital/GitHub_Labs/dmejias08_digital_design_lab_2023/Laboratorio_3/Problema_1/alu/mod_alu.sv Line: 27
Info (12128): Elaborating entity "mod_xor" for hierarchy "mod_xor:dut_xor" File: C:/Users/dmeji/OneDrive - Estudiantes ITCR/TEC/Semestres/IS2023/Taller_de_Diseno_Digital/GitHub_Labs/dmejias08_digital_design_lab_2023/Laboratorio_3/Problema_1/alu/mod_alu.sv Line: 29
Info (12128): Elaborating entity "mod_lshift_a" for hierarchy "mod_lshift_a:lshift_a" File: C:/Users/dmeji/OneDrive - Estudiantes ITCR/TEC/Semestres/IS2023/Taller_de_Diseno_Digital/GitHub_Labs/dmejias08_digital_design_lab_2023/Laboratorio_3/Problema_1/alu/mod_alu.sv Line: 31
Info (12128): Elaborating entity "mod_lshift" for hierarchy "mod_lshift:lshift" File: C:/Users/dmeji/OneDrive - Estudiantes ITCR/TEC/Semestres/IS2023/Taller_de_Diseno_Digital/GitHub_Labs/dmejias08_digital_design_lab_2023/Laboratorio_3/Problema_1/alu/mod_alu.sv Line: 33
Info (12128): Elaborating entity "mod_rshift_a" for hierarchy "mod_rshift_a:rshift_a" File: C:/Users/dmeji/OneDrive - Estudiantes ITCR/TEC/Semestres/IS2023/Taller_de_Diseno_Digital/GitHub_Labs/dmejias08_digital_design_lab_2023/Laboratorio_3/Problema_1/alu/mod_alu.sv Line: 35
Info (12128): Elaborating entity "mod_rshift" for hierarchy "mod_rshift:rshift" File: C:/Users/dmeji/OneDrive - Estudiantes ITCR/TEC/Semestres/IS2023/Taller_de_Diseno_Digital/GitHub_Labs/dmejias08_digital_design_lab_2023/Laboratorio_3/Problema_1/alu/mod_alu.sv Line: 37
Info (12128): Elaborating entity "mod_mux16" for hierarchy "mod_mux16:dut_mux16" File: C:/Users/dmeji/OneDrive - Estudiantes ITCR/TEC/Semestres/IS2023/Taller_de_Diseno_Digital/GitHub_Labs/dmejias08_digital_design_lab_2023/Laboratorio_3/Problema_1/alu/mod_alu.sv Line: 50
Warning (10230): Verilog HDL assignment warning at mod_mux16.sv(25): truncated value with size 16 to match size of target (4) File: C:/Users/dmeji/OneDrive - Estudiantes ITCR/TEC/Semestres/IS2023/Taller_de_Diseno_Digital/GitHub_Labs/dmejias08_digital_design_lab_2023/Laboratorio_3/Problema_1/alu/mod_mux16.sv Line: 25
Info: Quartus Prime Analysis & Elaboration was successful. 0 errors, 7 warnings
    Info: Peak virtual memory: 4792 megabytes
    Info: Processing ended: Tue Mar 21 11:28:59 2023
    Info: Elapsed time: 00:00:08
    Info: Total CPU time (on all processors): 00:00:13


