------------------------------------------------------------
Timing Analyzer Summary
------------------------------------------------------------

Type  : Slow 1100mV 85C Model Setup 'clk'
Slack : -1.378
TNS   : -46.718

Type  : Slow 1100mV 85C Model Hold 'clk'
Slack : 0.347
TNS   : 0.000

Type  : Slow 1100mV 85C Model Minimum Pulse Width 'clk'
Slack : -0.394
TNS   : -19.025

Type  : Slow 1100mV 0C Model Setup 'clk'
Slack : -1.346
TNS   : -45.586

Type  : Slow 1100mV 0C Model Hold 'clk'
Slack : 0.332
TNS   : 0.000

Type  : Slow 1100mV 0C Model Minimum Pulse Width 'clk'
Slack : -0.394
TNS   : -20.346

Type  : Fast 1100mV 85C Model Setup 'clk'
Slack : -0.319
TNS   : -10.222

Type  : Fast 1100mV 85C Model Hold 'clk'
Slack : 0.197
TNS   : 0.000

Type  : Fast 1100mV 85C Model Minimum Pulse Width 'clk'
Slack : -0.088
TNS   : -3.117

Type  : Fast 1100mV 0C Model Setup 'clk'
Slack : -0.225
TNS   : -7.066

Type  : Fast 1100mV 0C Model Hold 'clk'
Slack : 0.180
TNS   : 0.000

Type  : Fast 1100mV 0C Model Minimum Pulse Width 'clk'
Slack : -0.089
TNS   : -3.165

------------------------------------------------------------
